# JasperFx/CritterStackSamples @ 2c94389bcb5face1070d0409ef284973e8aaceea
source-sha256: 136ed011cc8de806d81cb98f017d2ee288b045fea72bd98f358347c8c583112e
source: command DepositFunds
source: command WithdrawFunds
source: command OpenAccount
source: readmodel Account
source: reducer AccountSnapshot => Account
source: readmodel AccountTransactions
source: query GetTransactions => AccountTransactions?
source: event FundsDeposited
source: event FundsWithdrawn
not-source: event IResult
artifact: Command:DepositFunds
artifact: Reducer:AccountTransactionsProjection
relationship: Produces
relationship: Reads
diagnostic: WOLVERINE0005
diagnostic: WOLVERINE0008
