# JasperFx/CritterStackSamples @ 2c94389bcb5face1070d0409ef284973e8aaceea
source-sha256: 4d028470fecb3877ac12526c41af9fe17ed0669a37385abde9e3e869a20355df
source: command DepositFunds
source: command WithdrawFunds
source: command OpenAccount
source: readmodel Account
source: reducer AccountSnapshot => Account
source: readmodel AccountTransactions
source: query GetTransactions => AccountTransactions?
source: event FundsDeposited
source: event FundsWithdrawn
not-source: event IResult
artifact: Command:DepositFunds
artifact: Reducer:AccountTransactionsProjection
relationship: Produces
relationship: Reads
relationship: Reads Command:OpenAccount -> ReadModel:Client
diagnostic: WOLVERINE0005
diagnostic: WOLVERINE0008
