# JasperFx/CritterStackSamples @ 2c94389bcb5face1070d0409ef284973e8aaceea
source-sha256: 73b32b42a4f9e960ac3d60a6d2155ec5f27de0bacb210a531b56bec5da0ca13f
source: command CreateStudentRequest
source: command UpdateStudentRequest
source: command DeleteStudent
source: query GetAll => Student[]
source: query GetById => Student?
source: query GetByName => Student?
source: readmodel Student
not-source: projection Student
not-source: reducer Student
artifact: Document:Student
identifier: Document:Student:id
relationship: Stores
relationship: Deletes
relationship: Reads
diagnostic: MARTEN0003
diagnostic: WOLVERINE0002
