# JasperFx/CritterStackHelpDesk @ b67659dd7ca6d8ff07e7b9dad20affc4a37b6062
source-sha256: c6b9c6f5727b3664a47a3efac3be02cfa7234c6c8bb72a1fcf14884bc09a82c3
source: module HelpdeskApi
source: command LogIncident
source: command CategoriseIncident
source: readmodel IncidentDetails
source: reducer IncidentDetailsProjection => IncidentDetails
source: event IncidentLogged
source: event IncidentCategorised
not-source: module Helpdesk.Api
not-source: event RingAllTheAlarms
artifact: Aggregate:IncidentDetails
relationship: Produces
relationship: Reads
diagnostic: WOLVERINE0002
diagnostic: WOLVERINE0003
diagnostic: WOLVERINE0005
diagnostic: WOLVERINE0008
