# JasperFx/CritterStackHelpDesk @ b67659dd7ca6d8ff07e7b9dad20affc4a37b6062
source-sha256: 0915b4551b32e5de9c25e5714f5cd1170e80672127e5efaaa68cdb0246bd2edc
source: concept IncidentCategory : Enum
source: concept IncidentPriority : Enum
source: concept IncidentStatus : Enum
source: concept ResolutionType : Enum
source: module HelpdeskApi
source: command LogIncident
source: command CategoriseIncident
source: readmodel IncidentDetails
source: reducer IncidentDetailsProjection => IncidentDetails
source: event IncidentLogged
source: event IncidentCategorised
not-source: module Helpdesk.Api
not-source: event RingAllTheAlarms
artifact: Aggregate:IncidentDetails
relationship: Produces
relationship: Reads
diagnostic: WOLVERINE0002
diagnostic: WOLVERINE0003
diagnostic: WOLVERINE0005
diagnostic: WOLVERINE0008
diagnostic: WOLVERINE0020
diagnostic-message: WOLVERINE0020|LoadAsync
