# JasperFx/wolverine @ af4807b5fb225ce7535c67785b74007fdad2dd9f
source-sha256: e2823dd98ea7198b31850c3c15b8b1a591af47f45fb43f82e42b756919e3b92c
source: concept IncidentCategory : Enum
source: concept IncidentStatus : Enum
source: concept ResolutionType : Enum
source: command LogIncident
source: command CategoriseIncident
source: command CloseIncident
source: command ArchiveIncident
source: query GetIncident => Incident?
source: reducer IncidentSnapshot => Incident
source: event IncidentLogged
source: event IncidentCategorised
source: event IncidentClosed
source: event Archived
not-source: command PrioritiseIncident
not-source: event UpdatedAggregate
not-source: event ArchiveIncident
artifact: Message:ArchiveIncident
relationship: Cascades
relationship: Deletes
diagnostic: WOLVERINE0001
diagnostic: WOLVERINE0002
diagnostic: WOLVERINE0003
diagnostic: WOLVERINE0004
diagnostic: WOLVERINE0005
diagnostic: WOLVERINE0025
