# JasperFx/CritterStackSamples @ 2c94389bcb5face1070d0409ef284973e8aaceea
source: readmodel Trip
source: reducer TripProjection => Trip
source: readmodel Day
source: reducer DayProjection => Day
not-source: readmodel Distance
not-source: event Distance
artifact: ReadModel:Trip
artifact: Reducer:TripProjection
artifact: ReadModel:Day
artifact: Reducer:DayProjection
artifact: Projection:DistanceProjection
artifact: Document:Distance
identifier: Document:Distance:id
relationship: Builds
relationship: Consumes
relationship: Stores
relationship: Consumes Projection:DistanceProjection -> Event:Travel
relationship: Builds Projection:DistanceProjection -> Document:Distance
relationship: Stores Projection:DistanceProjection -> Document:Distance
grouping: DayProjection|IDayEvent|day|false
fan-out: Travel|Movement|movements|after-grouping
fan-out: Travel|Stop|stops|after-grouping
diagnostic: MARTEN0001
diagnostic: MARTEN0002
diagnostic: MARTEN0003
diagnostic: MARTEN0004
diagnostic: MARTEN0007
diagnostic: MARTEN0008
diagnostic-message: MARTEN0007|daemon name 'Day'
diagnostic-message: MARTEN0007|daemon name 'Distance'
diagnostic-message: MARTEN0008|daemon mode 'Solo'
