# Cratis-owned fixture: Vogen 8.0.7, Marten 9.45.0, Wolverine 6.45.0
source-sha256: bf51ed285a5d2adcd37e60f61da17e3ee41b03d4f8e52fe704334c97d28c9078
source: concept OrderKey : Uuid
source: concept CorrelationId : Uuid
source: concept CustomerCode : String
source: concept NormalizedCode : String
source: rule Validate
source: message "Customer codes cannot be blank"
source: file Integration/Canonical/VogenConcepts/Concepts.cs
source: command RegisterOrder
source: key OrderKey
source: correlationId CorrelationId
source: referralCode CustomerCode?
source: event OrderRegistered
source: command TransferBetweenOrders
source: sourceOrder OrderKey
source: destinationOrder OrderKey
source: event OrderDebited
source: event OrderCredited
source: file Integration/Canonical/VogenConcepts/EventStreams.cs
source: command ReviewOrderBoundary
source: order OrderKey
source: event OrderBoundaryReviewed
source: file Integration/Canonical/VogenConcepts/Dcb.cs
artifact: Command:RegisterOrder
artifact: Message:BeginOrderSaga
artifact: Message:ConfirmOrderSaga
artifact: Message:CompleteOrderSaga
artifact: Message:OrderSagaTimeout
artifact: Message:OrderSagaCompleted
artifact: Saga:OrderSaga
artifact: Handler:OrderSaga.Start(BeginOrderSaga)
artifact: Handler:OrderSaga.Handle(ConfirmOrderSaga)
artifact: Handler:OrderSaga.Handle(CompleteOrderSaga)
artifact: Handler:OrderSaga.Handle(OrderSagaTimeout)
not-source: LegacyStorageEvent
not-source: CurrentStorageEvent
not-source: MultiTenantedEvidenceOnly
not-source: SingleTenantedEvidenceOnly
artifact: Concept:OrderKey
artifact: Concept:CorrelationId
artifact: Concept:CustomerCode
artifact: Concept:NormalizedCode
artifact: Command:TransferBetweenOrders
artifact: Event:OrderDebited
artifact: Event:OrderCredited
artifact: Command:ReviewOrderBoundary
artifact: Aggregate:OrderBoundary
artifact: Event:OrderBoundaryReviewed
artifact-count: Concept|4
artifact-count: Document|1
artifact-count: Event|7
artifact-count: Message|5
artifact-count: Handler|4
artifact-count: Saga|1
relationship-count: Handles|Handler:OrderSaga.Start(BeginOrderSaga)|Message:BeginOrderSaga|1
relationship-count: Handles|Handler:OrderSaga.Handle(ConfirmOrderSaga)|Message:ConfirmOrderSaga|1
relationship-count: Handles|Handler:OrderSaga.Handle(CompleteOrderSaga)|Message:CompleteOrderSaga|1
relationship-count: Handles|Handler:OrderSaga.Handle(OrderSagaTimeout)|Message:OrderSagaTimeout|1
relationship-count: Cascades|Handler:OrderSaga.Start(BeginOrderSaga)|Message:OrderSagaTimeout|1
relationship-count: Cascades|Handler:OrderSaga.Handle(CompleteOrderSaga)|Message:OrderSagaCompleted|1
relationship-count: Appends|Command:TransferBetweenOrders|Aggregate:Order|2
relationship-count: Reads|Command:ReviewOrderBoundary|Aggregate:OrderBoundary|2
relationship-count: Produces|Command:ReviewOrderBoundary|Event:OrderBoundaryReviewed|1
not-identifier: Command:TransferBetweenOrders:sourceOrder
not-identifier: Command:TransferBetweenOrders:destinationOrder
evidence: Concept:CustomerCode|vogen|Integration/Canonical/VogenConcepts/Concepts.cs
evidence: Command:RegisterOrder|cratis.critter-stack|Integration/Canonical/VogenConcepts/Ordering.cs
evidence: Command:ReviewOrderBoundary|cratis.critter-stack|Integration/Canonical/VogenConcepts/Dcb.cs
evidence: Saga:OrderSaga|cratis.critter-stack|Integration/Canonical/VogenConcepts/Sagas.cs
evidence: Handler:OrderSaga.Start(BeginOrderSaga)|cratis.critter-stack|Integration/Canonical/VogenConcepts/Sagas.cs
evidence: Message:OrderSagaTimeout|cratis.critter-stack|Integration/Canonical/VogenConcepts/Sagas.cs
evidence-count: Concept:CustomerCode|1
identifier: Document:Order:key
not-identifier: Document:Order:correlationId
diagnostic: VOG0002
diagnostic: VOG0003
diagnostic: MARTEN0011
diagnostic-message: MARTEN0011|OrderRegistered
diagnostic: MARTEN0012
diagnostic-message: MARTEN0012|LegacyStorageEvent -> CurrentStorageEvent
diagnostic: MARTEN0013
diagnostic-message: MARTEN0013|event tenancy-style declaration 'Single'
diagnostic-message: MARTEN0013|event tenancy-style declaration 'Conjoined'
diagnostic-message: MARTEN0013|document tenancy declaration 'MultiTenanted' for 'Order'
diagnostic-message: MARTEN0013|document tenancy declaration 'SingleTenanted' for 'Order'
diagnostic-message: MARTEN0013|document tenancy declaration 'MultiTenantedWithPartitioning' for 'Order'
diagnostic-message: MARTEN0013|[MultiTenanted] document tenancy declaration for 'MultiTenantedEvidenceOnly'
diagnostic-message: MARTEN0013|[SingleTenanted] document tenancy declaration for 'SingleTenantedEvidenceOnly'
diagnostic-message: MARTEN0013|project-wide document tenancy policy declaration 'AllDocumentsAreMultiTenanted'
diagnostic-message: MARTEN0013|project-wide document tenancy policy declaration 'AllDocumentsAreMultiTenantedWithPartitioning'
diagnostic: WOLVERINE0001
diagnostic-message: WOLVERINE0001|OrderSagaTimeout
diagnostic: WOLVERINE0012
diagnostic-message: WOLVERINE0012|parameter 'source'
diagnostic-message: WOLVERINE0012|parameter 'destination'
diagnostic: WOLVERINE0014
diagnostic-message: WOLVERINE0014|parameter 'boundary'
diagnostic: WOLVERINE0016
diagnostic-message: WOLVERINE0016|OrderSaga
diagnostic-message: WOLVERINE0016|Wolverine-managed lifecycle
diagnostic-message: WOLVERINE0016|does not safely establish portable conditional completion or a portable domain workflow
diagnostic-message: WOLVERINE0016|realization/provenance
diagnostic-message: WOLVERINE0016|ordinary Event Modeling building blocks
diagnostic-message: WOLVERINE0016|MarkCompleted
source: slice Automation RebalanceOrders
source: slice StateChange CancelOrders
source: command RebalanceOrders
source: command CancelOrders
source: event BatchOrderDebited
source: event BatchOrderCredited
source: event BatchOrderCancelled
source: file Integration/Canonical/VogenConcepts/Conventions.cs
artifact: Command:RebalanceOrders
artifact: Command:CancelOrders
artifact: Aggregate:BatchOrder
artifact: Event:BatchOrderDebited
artifact: Event:BatchOrderCredited
artifact: Event:BatchOrderCancelled
relationship-count: Reads|Command:RebalanceOrders|Aggregate:BatchOrder|2
relationship-count: Appends|Command:RebalanceOrders|Aggregate:BatchOrder|2
relationship-count: Produces|Command:RebalanceOrders|Event:BatchOrderDebited|1
relationship-count: Produces|Command:RebalanceOrders|Event:BatchOrderCredited|1
relationship-count: Reads|Command:CancelOrders|Aggregate:BatchOrder|1
relationship-count: Appends|Command:CancelOrders|Aggregate:BatchOrder|1
relationship-count: Produces|Command:CancelOrders|Event:BatchOrderCancelled|1
not-identifier: Command:RebalanceOrders:fromId
not-identifier: Command:RebalanceOrders:toId
not-identifier: Command:CancelOrders:ids
evidence: Command:RebalanceOrders|cratis.critter-stack|Integration/Canonical/VogenConcepts/Conventions.cs
diagnostic-message: WOLVERINE0012|target and identity for slot 0
diagnostic-message: WOLVERINE0012|target and identity for slot 1
diagnostic-message: WOLVERINE0012|unknown runtime cardinality and quantified identity correspondence
